<html>
<body>
<pre>
<h1>µVision Build Log</h1>
<h2>Tool Versions:</h2>
IDE-Version: µVision V5.38.0.0
Copyright (C) 2022 ARM Ltd and ARM Germany GmbH. All rights reserved.
License Information: Michael Bryant, N/A, LIC=----
 
Tool Versions:
Toolchain:       MDK-Lite  Version: 5.38.0.0
Toolchain Path:  C:\Keil_v5\ARM\ARMCLANG\Bin
C Compiler:      ArmClang.exe V6.19
Assembler:       Armasm.exe V6.19
Linker/Locator:  ArmLink.exe V6.19
Library Manager: ArmAr.exe V6.19
Hex Converter:   FromElf.exe V6.19
CPU DLL:         SARMCM3.DLL V5.38.0.0
Dialog DLL:      DCM.DLL V1.17.5.0
Target DLL:      STLink\ST-LINKIII-KEIL_SWO.dll V3.1.0.0
Dialog DLL:      TCM.DLL V1.56.4.0
 
<h2>Project:</h2>
C:\Users\malex\OneDrive\Documents\fsm-traffic-controller\fsm-traffic-controller.uvprojx
Project File Date:  08/27/2023

<h2>Output:</h2>
*** Using Compiler 'V6.19', folder: 'C:\Keil_v5\ARM\ARMCLANG\Bin'
Build target 'STM32 NUCLEO-F446RE'
main.c(19): warning: no previous extern declaration for non-static variable 'FSM' [-Wmissing-variable-declarations]
state_t FSM[4]={
        ^
main.c(19): note: declare 'static' if the variable is not intended to be used outside of this translation unit
state_t FSM[4]={
^
main.c(30): warning: no previous extern declaration for non-static variable 'current_state' [-Wmissing-variable-declarations]
uint32_t current_state = GO_Y; // index the current state
         ^
main.c(30): note: declare 'static' if the variable is not intended to be used outside of this translation unit
uint32_t current_state = GO_Y; // index the current state
^
main.c(31): warning: no previous extern declaration for non-static variable 'input' [-Wmissing-variable-declarations]
uint32_t input = 0; // 2-bit sensor reading
         ^
main.c(31): note: declare 'static' if the variable is not intended to be used outside of this translation unit
uint32_t input = 0; // 2-bit sensor reading
^
main.c(39): warning: implicit conversion changes signedness: 'int' to 'unsigned int' [-Wsign-conversion]
        GPIOA->MODER &= ~0x03F0030F; // PA0-PA5 (output)
                     ~~ ^~~~~~~~~~~
main.c(41): warning: implicit conversion changes signedness: 'int' to 'unsigned int' [-Wsign-conversion]
        GPIOC->MODER &= ~0x0000000F; // PC0-PC1 (input)
                     ~~ ^~~~~~~~~~~
main.c(46): warning: implicit conversion changes signedness: 'const uint32_t' (aka 'const unsigned int') to 'int' [-Wsign-conversion]
                systick_delay(FSM[current_state].time_delay);
                ~~~~~~~~~~~~~ ~~~~~~~~~~~~~~~~~~~^~~~~~~~~~
main.c(67): warning: implicit conversion changes signedness: 'int' to 'unsigned int' [-Wsign-conversion]
        RCC->CR &= ~(1<<24); // disable PLL
                ~~ ^~~~~~~~
main.c(70): warning: implicit conversion changes signedness: 'int' to 'unsigned int' [-Wsign-conversion]
        RCC->PLLCFGR &= ~(0x1F);
                     ~~ ^~~~~~~
main.c(74): warning: implicit conversion changes signedness: 'int' to 'unsigned int' [-Wsign-conversion]
        RCC->PLLCFGR &= ~(0x1FF<<6);
                     ~~ ^~~~~~~~~~~
main.c(78): warning: implicit conversion changes signedness: 'int' to 'unsigned int' [-Wsign-conversion]
        RCC->PLLCFGR &= ~(0x03<<16);
                     ~~ ^~~~~~~~~~~
main.c(85): warning: implicit conversion changes signedness: 'int' to 'unsigned int' [-Wsign-conversion]
        RCC->CFGR &= ~(0x03);
                  ~~ ^~~~~~~
main.c(119): warning: implicit conversion turns floating-point number into integer: 'double' to 'int' [-Wfloat-conversion]
        decimal += digit * pow(2,i);
        ~~~~~~~~^~~~~~~~~~~~~~~~~~~
main.c(124): warning: no newline at end of file [-Wnewline-eof]
}
 ^
13 warnings generated.
compiling main.c...
linking...
Program Size: Code=804 RO-data=564 RW-data=0 ZI-data=1640  
".\Objects\fsm-traffic-controller.axf" - 0 Error(s), 13 Warning(s).

<h2>Software Packages used:</h2>

Package Vendor: ARM
                http://www.keil.com/pack/ARM.CMSIS.5.9.0.pack
                ARM.CMSIS.5.9.0
                CMSIS (Common Microcontroller Software Interface Standard)
   * Component: CORE Version: 5.6.0

Package Vendor: Keil
                https://www.keil.com/pack/Keil.STM32F4xx_DFP.2.17.1.pack
                Keil.STM32F4xx_DFP.2.17.1
                STMicroelectronics STM32F4 Series Device Support, Drivers and Examples
   * Component: Startup Version: 2.6.3

<h2>Collection of Component include folders:</h2>
  ./RTE/_STM32_NUCLEO-F446RE
  C:/Users/malex/AppData/Local/Arm/Packs/ARM/CMSIS/5.9.0/CMSIS/Core/Include
  C:/Users/malex/AppData/Local/Arm/Packs/Keil/STM32F4xx_DFP/2.17.1/Drivers/CMSIS/Device/ST/STM32F4xx/Include

<h2>Collection of Component Files used:</h2>

   * Component: ARM::CMSIS:CORE:5.6.0

   * Component: Keil::Device:Startup:2.6.3
      Include file:  Drivers/CMSIS/Device/ST/STM32F4xx/Include/stm32f4xx.h
      Source file:   MDK/Device/Source/ARM/STM32F446xx_OPT.s
      Source file:   Drivers/CMSIS/Device/ST/STM32F4xx/Source/Templates/arm/startup_stm32f446xx.s
      Source file:   MDK/Device/Source/ARM/STM32F4xx_OTP.s
      Source file:   Drivers/CMSIS/Device/ST/STM32F4xx/Source/Templates/system_stm32f4xx.c
Build Time Elapsed:  00:00:00
</pre>
</body>
</html>
